Windows PowerShell
Copyright (C) Microsoft Corporation. All rights reserved.

Install the latest PowerShell for new features and improvements! https://aka.ms/PSWindows

PS C:\Users\VICTUS> docker

Usage:  docker [OPTIONS] COMMAND

A self-sufficient runtime for containers

Common Commands:
  run         Create and run a new container from an image
  exec        Execute a command in a running container
  ps          List containers
  build       Build an image from a Dockerfile
  pull        Download an image from a registry
  push        Upload an image to a registry
  images      List images
  login       Authenticate to a registry
  logout      Log out from a registry
  search      Search Docker Hub for images
  version     Show the Docker version information
  info        Display system-wide information

Management Commands:
  ai*         Ask Gordon - Docker Agent
  builder     Manage builds
  buildx*     Docker Buildx
  compose*    Docker Compose
  container   Manage containers
  context     Manage contexts
  debug*      Get a shell into any image or container
  desktop*    Docker Desktop commands (Beta)
  dev*        Docker Dev Environments
  extension*  Manages Docker extensions
  feedback*   Provide feedback, right in your terminal!
  image       Manage images
  init*       Creates Docker-related starter files for your project
  manifest    Manage Docker image manifests and manifest lists
  network     Manage networks
  plugin      Manage plugins
  sbom*       View the packaged-based Software Bill Of Materials (SBOM) for an image
  scout*      Docker Scout
  system      Manage Docker
  trust       Manage trust on Docker images
  volume      Manage volumes

Swarm Commands:
  swarm       Manage Swarm

Commands:
  attach      Attach local standard input, output, and error streams to a running container
  commit      Create a new image from a container's changes
  cp          Copy files/folders between a container and the local filesystem
  create      Create a new container
  diff        Inspect changes to files or directories on a container's filesystem
  events      Get real time events from the server
  export      Export a container's filesystem as a tar archive
  history     Show the history of an image
  import      Import the contents from a tarball to create a filesystem image
  inspect     Return low-level information on Docker objects
  kill        Kill one or more running containers
  load        Load an image from a tar archive or STDIN
  logs        Fetch the logs of a container
  pause       Pause all processes within one or more containers
  port        List port mappings or a specific mapping for the container
  rename      Rename a container
  restart     Restart one or more containers
  rm          Remove one or more containers
  rmi         Remove one or more images
  save        Save one or more images to a tar archive (streamed to STDOUT by default)
  start       Start one or more stopped containers
  stats       Display a live stream of container(s) resource usage statistics
  stop        Stop one or more running containers
  tag         Create a tag TARGET_IMAGE that refers to SOURCE_IMAGE
  top         Display the running processes of a container
  unpause     Unpause all processes within one or more containers
  update      Update configuration of one or more containers
  wait        Block until one or more containers stop, then print their exit codes

Global Options:
      --config string      Location of client config files (default
                           "C:\\Users\\VICTUS\\.docker")
  -c, --context string     Name of the context to use to connect to the
                           daemon (overrides DOCKER_HOST env var and
                           default context set with "docker context use")
  -D, --debug              Enable debug mode
  -H, --host list          Daemon socket to connect to
  -l, --log-level string   Set the logging level ("debug", "info",
                           "warn", "error", "fatal") (default "info")
      --tls                Use TLS; implied by --tlsverify
      --tlscacert string   Trust certs signed only by this CA (default
                           "C:\\Users\\VICTUS\\.docker\\ca.pem")
      --tlscert string     Path to TLS certificate file (default
                           "C:\\Users\\VICTUS\\.docker\\cert.pem")
      --tlskey string      Path to TLS key file (default
                           "C:\\Users\\VICTUS\\.docker\\key.pem")
      --tlsverify          Use TLS and verify the remote
  -v, --version            Print version information and quit

Run 'docker COMMAND --help' for more information on a command.

For more help on how to use Docker, head to https://docs.docker.com/go/guides/
PS C:\Users\VICTUS> docker run -it ubuntu
root@7b25003f83f7:/# mktir Batch38
bash: mktir: command not found
root@7b25003f83f7:/# mkdir Batch38
root@7b25003f83f7:/# ls
Batch38  bin  boot  dev  etc  home  lib  lib64  media  mnt  opt  proc  root  run  sbin  srv  sys  tmp  usr  var
root@7b25003f83f7:/# cd
root@7b25003f83f7:~# apt install nano tree python3
Reading package lists... Done
Building dependency tree... Done
Reading state information... Done
E: Unable to locate package nano
E: Unable to locate package tree
E: Unable to locate package python3
root@7b25003f83f7:~# apt update
Get:1 http://security.ubuntu.com/ubuntu noble-security InRelease [126 kB]
Get:2 http://archive.ubuntu.com/ubuntu noble InRelease [256 kB]
Get:3 http://security.ubuntu.com/ubuntu noble-security/restricted amd64 Packages [784 kB]
Get:4 http://archive.ubuntu.com/ubuntu noble-updates InRelease [126 kB]
Get:5 http://archive.ubuntu.com/ubuntu noble-backports InRelease [126 kB]
Get:6 http://security.ubuntu.com/ubuntu noble-security/main amd64 Packages [775 kB]
Get:7 http://archive.ubuntu.com/ubuntu noble/multiverse amd64 Packages [331 kB]
Get:8 http://security.ubuntu.com/ubuntu noble-security/universe amd64 Packages [1039 kB]
Get:9 http://security.ubuntu.com/ubuntu noble-security/multiverse amd64 Packages [15.5 kB]
Get:10 http://archive.ubuntu.com/ubuntu noble/universe amd64 Packages [19.3 MB]
Get:11 http://archive.ubuntu.com/ubuntu noble/restricted amd64 Packages [117 kB]
Get:12 http://archive.ubuntu.com/ubuntu noble/main amd64 Packages [1808 kB]
Get:13 http://archive.ubuntu.com/ubuntu noble-updates/universe amd64 Packages [1313 kB]
Get:14 http://archive.ubuntu.com/ubuntu noble-updates/multiverse amd64 Packages [20.1 kB]
Get:15 http://archive.ubuntu.com/ubuntu noble-updates/main amd64 Packages [1065 kB]
Get:16 http://archive.ubuntu.com/ubuntu noble-updates/restricted amd64 Packages [799 kB]
Get:17 http://archive.ubuntu.com/ubuntu noble-backports/universe amd64 Packages [15.1 kB]
Fetched 28.0 MB in 6s (4562 kB/s)
Reading package lists... Done
Building dependency tree... Done
Reading state information... Done
12 packages can be upgraded. Run 'apt list --upgradable' to see them.
root@7b25003f83f7:~# apt install nano tree python3
Reading package lists... Done
Building dependency tree... Done
Reading state information... Done
The following additional packages will be installed:
  ca-certificates libexpat1 libpython3-stdlib libpython3.12-minimal libpython3.12-stdlib libreadline8t64 libsqlite3-0 media-types netbase openssl
  python3-minimal python3.12 python3.12-minimal readline-common tzdata
Suggested packages:
  hunspell python3-doc python3-tk python3-venv python3.12-venv python3.12-doc binutils binfmt-support readline-doc
The following NEW packages will be installed:
  ca-certificates libexpat1 libpython3-stdlib libpython3.12-minimal libpython3.12-stdlib libreadline8t64 libsqlite3-0 media-types nano netbase openssl
  python3 python3-minimal python3.12 python3.12-minimal readline-common tree tzdata
0 upgraded, 18 newly installed, 0 to remove and 12 not upgraded.
Need to get 8752 kB of archives.
After this operation, 31.2 MB of additional disk space will be used.
Do you want to continue? [Y/n] y
Get:1 http://archive.ubuntu.com/ubuntu noble-updates/main amd64 libpython3.12-minimal amd64 3.12.3-1ubuntu0.4 [834 kB]
Get:2 http://archive.ubuntu.com/ubuntu noble-updates/main amd64 libexpat1 amd64 2.6.1-2ubuntu0.2 [87.4 kB]
Get:3 http://archive.ubuntu.com/ubuntu noble-updates/main amd64 python3.12-minimal amd64 3.12.3-1ubuntu0.4 [2336 kB]
Get:4 http://archive.ubuntu.com/ubuntu noble-updates/main amd64 python3-minimal amd64 3.12.3-0ubuntu2 [27.4 kB]
Get:5 http://archive.ubuntu.com/ubuntu noble/main amd64 media-types all 10.1.0 [27.5 kB]
Get:6 http://archive.ubuntu.com/ubuntu noble/main amd64 netbase all 6.4 [13.1 kB]
Get:7 http://archive.ubuntu.com/ubuntu noble-updates/main amd64 tzdata all 2024b-0ubuntu0.24.04.1 [274 kB]
Get:8 http://archive.ubuntu.com/ubuntu noble/main amd64 readline-common all 8.2-4build1 [56.5 kB]
Get:9 http://archive.ubuntu.com/ubuntu noble/main amd64 libreadline8t64 amd64 8.2-4build1 [153 kB]
Get:10 http://archive.ubuntu.com/ubuntu noble-updates/main amd64 libsqlite3-0 amd64 3.45.1-1ubuntu2.1 [701 kB]
Get:11 http://archive.ubuntu.com/ubuntu noble-updates/main amd64 libpython3.12-stdlib amd64 3.12.3-1ubuntu0.4 [2068 kB]
Get:12 http://archive.ubuntu.com/ubuntu noble-updates/main amd64 python3.12 amd64 3.12.3-1ubuntu0.4 [651 kB]
Get:13 http://archive.ubuntu.com/ubuntu noble-updates/main amd64 libpython3-stdlib amd64 3.12.3-0ubuntu2 [10.0 kB]
Get:14 http://archive.ubuntu.com/ubuntu noble-updates/main amd64 python3 amd64 3.12.3-0ubuntu2 [23.0 kB]
Get:15 http://archive.ubuntu.com/ubuntu noble-updates/main amd64 openssl amd64 3.0.13-0ubuntu3.4 [1003 kB]
Get:16 http://archive.ubuntu.com/ubuntu noble/main amd64 ca-certificates all 20240203 [159 kB]
Get:17 http://archive.ubuntu.com/ubuntu noble-updates/main amd64 nano amd64 7.2-2ubuntu0.1 [282 kB]
Get:18 http://archive.ubuntu.com/ubuntu noble/universe amd64 tree amd64 2.1.1-2ubuntu3 [47.1 kB]
Fetched 8752 kB in 4s (2255 kB/s)
debconf: delaying package configuration, since apt-utils is not installed
Selecting previously unselected package libpython3.12-minimal:amd64.
(Reading database ... 4383 files and directories currently installed.)
Preparing to unpack .../libpython3.12-minimal_3.12.3-1ubuntu0.4_amd64.deb ...
Unpacking libpython3.12-minimal:amd64 (3.12.3-1ubuntu0.4) ...
Selecting previously unselected package libexpat1:amd64.
Preparing to unpack .../libexpat1_2.6.1-2ubuntu0.2_amd64.deb ...
Unpacking libexpat1:amd64 (2.6.1-2ubuntu0.2) ...
Selecting previously unselected package python3.12-minimal.
Preparing to unpack .../python3.12-minimal_3.12.3-1ubuntu0.4_amd64.deb ...
Unpacking python3.12-minimal (3.12.3-1ubuntu0.4) ...
Setting up libpython3.12-minimal:amd64 (3.12.3-1ubuntu0.4) ...
Setting up libexpat1:amd64 (2.6.1-2ubuntu0.2) ...
Setting up python3.12-minimal (3.12.3-1ubuntu0.4) ...
Selecting previously unselected package python3-minimal.
(Reading database ... 4702 files and directories currently installed.)
Preparing to unpack .../0-python3-minimal_3.12.3-0ubuntu2_amd64.deb ...
Unpacking python3-minimal (3.12.3-0ubuntu2) ...
Selecting previously unselected package media-types.
Preparing to unpack .../1-media-types_10.1.0_all.deb ...
Unpacking media-types (10.1.0) ...
Selecting previously unselected package netbase.
Preparing to unpack .../2-netbase_6.4_all.deb ...
Unpacking netbase (6.4) ...
Selecting previously unselected package tzdata.
Preparing to unpack .../3-tzdata_2024b-0ubuntu0.24.04.1_all.deb ...
Unpacking tzdata (2024b-0ubuntu0.24.04.1) ...
Selecting previously unselected package readline-common.
Preparing to unpack .../4-readline-common_8.2-4build1_all.deb ...
Unpacking readline-common (8.2-4build1) ...
Selecting previously unselected package libreadline8t64:amd64.
Preparing to unpack .../5-libreadline8t64_8.2-4build1_amd64.deb ...
Adding 'diversion of /lib/x86_64-linux-gnu/libhistory.so.8 to /lib/x86_64-linux-gnu/libhistory.so.8.usr-is-merged by libreadline8t64'
Adding 'diversion of /lib/x86_64-linux-gnu/libhistory.so.8.2 to /lib/x86_64-linux-gnu/libhistory.so.8.2.usr-is-merged by libreadline8t64'
Adding 'diversion of /lib/x86_64-linux-gnu/libreadline.so.8 to /lib/x86_64-linux-gnu/libreadline.so.8.usr-is-merged by libreadline8t64'
Adding 'diversion of /lib/x86_64-linux-gnu/libreadline.so.8.2 to /lib/x86_64-linux-gnu/libreadline.so.8.2.usr-is-merged by libreadline8t64'
Unpacking libreadline8t64:amd64 (8.2-4build1) ...
Selecting previously unselected package libsqlite3-0:amd64.
Preparing to unpack .../6-libsqlite3-0_3.45.1-1ubuntu2.1_amd64.deb ...
Unpacking libsqlite3-0:amd64 (3.45.1-1ubuntu2.1) ...
Selecting previously unselected package libpython3.12-stdlib:amd64.
Preparing to unpack .../7-libpython3.12-stdlib_3.12.3-1ubuntu0.4_amd64.deb ...
Unpacking libpython3.12-stdlib:amd64 (3.12.3-1ubuntu0.4) ...
Selecting previously unselected package python3.12.
Preparing to unpack .../8-python3.12_3.12.3-1ubuntu0.4_amd64.deb ...
Unpacking python3.12 (3.12.3-1ubuntu0.4) ...
Selecting previously unselected package libpython3-stdlib:amd64.
Preparing to unpack .../9-libpython3-stdlib_3.12.3-0ubuntu2_amd64.deb ...
Unpacking libpython3-stdlib:amd64 (3.12.3-0ubuntu2) ...
Setting up python3-minimal (3.12.3-0ubuntu2) ...
Selecting previously unselected package python3.
(Reading database ... 5707 files and directories currently installed.)
Preparing to unpack .../python3_3.12.3-0ubuntu2_amd64.deb ...
Unpacking python3 (3.12.3-0ubuntu2) ...
Selecting previously unselected package openssl.
Preparing to unpack .../openssl_3.0.13-0ubuntu3.4_amd64.deb ...
Unpacking openssl (3.0.13-0ubuntu3.4) ...
Selecting previously unselected package ca-certificates.
Preparing to unpack .../ca-certificates_20240203_all.deb ...
Unpacking ca-certificates (20240203) ...
Selecting previously unselected package nano.
Preparing to unpack .../nano_7.2-2ubuntu0.1_amd64.deb ...
Unpacking nano (7.2-2ubuntu0.1) ...
Selecting previously unselected package tree.
Preparing to unpack .../tree_2.1.1-2ubuntu3_amd64.deb ...
Unpacking tree (2.1.1-2ubuntu3) ...
Setting up media-types (10.1.0) ...
Setting up libsqlite3-0:amd64 (3.45.1-1ubuntu2.1) ...
Setting up tzdata (2024b-0ubuntu0.24.04.1) ...
debconf: unable to initialize frontend: Dialog
debconf: (No usable dialog-like program is installed, so the dialog based frontend cannot be used. at /usr/share/perl5/Debconf/FrontEnd/Dialog.pm line 79.)
debconf: falling back to frontend: Readline
debconf: unable to initialize frontend: Readline
debconf: (Can't locate Term/ReadLine.pm in @INC (you may need to install the Term::ReadLine module) (@INC entries checked: /etc/perl /usr/local/lib/x86_64-l
inux-gnu/perl/5.38.2 /usr/local/share/perl/5.38.2 /usr/lib/x86_64-linux-gnu/perl5/5.38 /usr/share/perl5 /usr/lib/x86_64-linux-gnu/perl-base /usr/lib/x86_64-
linux-gnu/perl/5.38 /usr/share/perl/5.38 /usr/local/lib/site_perl) at /usr/share/perl5/Debconf/FrontEnd/Readline.pm line 8.)
debconf: falling back to frontend: Teletype
Configuring tzdata
------------------

Please select the geographic area in which you live. Subsequent configuration questions will narrow this down by presenting a list of cities, representing
the time zones in which they are located.

  1. Africa  2. America  3. Antarctica  4. Arctic  5. Asia  6. Atlantic  7. Australia  8. Europe  9. Indian  10. Pacific  11. Etc  12. Legacy
Geographic area: 5

Please select the city or region corresponding to your time zone.

  1. Aden      11. Baku        21. Damascus     31. Hong_Kong  41. Kashgar       51. Makassar      61. Pyongyang  71. Srednekolymsk  81. Urumqi
  2. Almaty    12. Bangkok     22. Dhaka        32. Hovd       42. Kathmandu     52. Manila        62. Qatar      72. Taipei         82. Ust-Nera
  3. Amman     13. Barnaul     23. Dili         33. Irkutsk    43. Khandyga      53. Muscat        63. Qostanay   73. Tashkent       83. Vientiane
  4. Anadyr    14. Beirut      24. Dubai        34. Istanbul   44. Kolkata       54. Nicosia       64. Qyzylorda  74. Tbilisi        84. Vladivostok
  5. Aqtau     15. Bishkek     25. Dushanbe     35. Jakarta    45. Krasnoyarsk   55. Novokuznetsk  65. Riyadh     75. Tehran         85. Yakutsk
  6. Aqtobe    16. Brunei      26. Famagusta    36. Jayapura   46. Kuala_Lumpur  56. Novosibirsk   66. Sakhalin   76. Tel_Aviv       86. Yangon
  7. Ashgabat  17. Chita       27. Gaza         37. Jerusalem  47. Kuching       57. Omsk          67. Samarkand  77. Thimphu        87. Yekaterinburg
  8. Atyrau    18. Choibalsan  28. Harbin       38. Kabul      48. Kuwait        58. Oral          68. Seoul      78. Tokyo          88. Yerevan
  9. Baghdad   19. Chongqing   29. Hebron       39. Kamchatka  49. Macau         59. Phnom_Penh    69. Shanghai   79. Tomsk
  10. Bahrain  20. Colombo     30. Ho_Chi_Minh  40. Karachi    50. Magadan       60. Pontianak     70. Singapore  80. Ulaanbaatar
Time zone: 42


Current default time zone: 'Asia/Kathmandu'
Local time is now:      Thu Feb  6 11:59:23 +0545 2025.
Universal Time is now:  Thu Feb  6 06:14:23 UTC 2025.
Run 'dpkg-reconfigure tzdata' if you wish to change it.

Setting up tree (2.1.1-2ubuntu3) ...
Setting up nano (7.2-2ubuntu0.1) ...
update-alternatives: using /bin/nano to provide /usr/bin/editor (editor) in auto mode
update-alternatives: warning: skip creation of /usr/share/man/man1/editor.1.gz because associated file /usr/share/man/man1/nano.1.gz (of link group editor)
doesn't exist
update-alternatives: using /bin/nano to provide /usr/bin/pico (pico) in auto mode
update-alternatives: warning: skip creation of /usr/share/man/man1/pico.1.gz because associated file /usr/share/man/man1/nano.1.gz (of link group pico) does
n't exist
Setting up netbase (6.4) ...
Setting up openssl (3.0.13-0ubuntu3.4) ...
Setting up readline-common (8.2-4build1) ...
Setting up ca-certificates (20240203) ...
debconf: unable to initialize frontend: Dialog
debconf: (No usable dialog-like program is installed, so the dialog based frontend cannot be used. at /usr/share/perl5/Debconf/FrontEnd/Dialog.pm line 79.)
debconf: falling back to frontend: Readline
debconf: unable to initialize frontend: Readline
debconf: (Can't locate Term/ReadLine.pm in @INC (you may need to install the Term::ReadLine module) (@INC entries checked: /etc/perl /usr/local/lib/x86_64-l
inux-gnu/perl/5.38.2 /usr/local/share/perl/5.38.2 /usr/lib/x86_64-linux-gnu/perl5/5.38 /usr/share/perl5 /usr/lib/x86_64-linux-gnu/perl-base /usr/lib/x86_64-
linux-gnu/perl/5.38 /usr/share/perl/5.38 /usr/local/lib/site_perl) at /usr/share/perl5/Debconf/FrontEnd/Readline.pm line 8.)
debconf: falling back to frontend: Teletype
Updating certificates in /etc/ssl/certs...
146 added, 0 removed; done.
Setting up libreadline8t64:amd64 (8.2-4build1) ...
Setting up libpython3.12-stdlib:amd64 (3.12.3-1ubuntu0.4) ...
Setting up python3.12 (3.12.3-1ubuntu0.4) ...
ubuntu2) ...
Setting up python3 (3.12.3-0ubuntu2) ...
running python rtupdate hooks for python3.12...
running python post-rtupdate hooks for python3.12...
Processing triggers for libc-bin (2.39-0ubuntu8.3) ...
Processing triggers for ca-certificates (20240203) ...
Updating certificates in /etc/ssl/certs...
0 added, 0 removed; done.
Running hooks in /etc/ca-certificates/update.d...
done.
root@7b25003f83f7:~# tree
.

0 directories, 0 files
root@7b25003f83f7:~# mkdir one two three
root@7b25003f83f7:~# ls
one  three  two
root@7b25003f83f7:~# tree
.
|-- one
|-- three
`-- two

4 directories, 0 files
root@7b25003f83f7:~# nano one/myfile.txt
root@7b25003f83f7:~# touch one/'--move.txt
> --show.txt
>
